matui@LAPTOP-V10V2VSA MINGW64 ~/IronEdgar (main)
$ git status
On branch main
Your branch is up to date with 'origin/main'.

nothing to commit, working tree clean

matui@LAPTOP-V10V2VSA MINGW64 ~/IronEdgar (main)
$ git pull origin main
From https://github.com/mathieujomain/IronEdgar
 * branch            main       -> FETCH_HEAD
Already up to date.
matui@LAPTOP-V10V2VSA MINGW64 ~/IronEdgar (main)
$ echo "hello" > about.txt

matui@LAPTOP-V10V2VSA MINGW64 ~/IronEdgar (main)
$ git add . about.txt
warning: LF will be replaced by CRLF in about.txt.
The file will have its original line endings in your working directory

matui@LAPTOP-V10V2VSA MINGW64 ~/IronEdgar (main)
$ git commit -m "about.txt"
[main f895383] about.txt
 1 file changed, 1 insertion(+)

matui@LAPTOP-V10V2VSA MINGW64 ~/IronEdgar (main)
$ git push -u origin main
Enumerating objects: 5, done.
Counting objects: 100% (5/5), done.
Delta compression using up to 12 threads
Compressing objects: 100% (2/2), done.
Writing objects: 100% (3/3), 282 bytes | 141.00 KiB/s, done.
Total 3 (delta 0), reused 0 (delta 0), pack-reused 0
To https://github.com/mathieujomain/IronEdgar
   33b9925..f895383  main -> main
branch 'main' set up to track 'origin/main'.

matui@LAPTOP-V10V2VSA MINGW64 ~/IronEdgar (main)
$ git log
commit f8953836d341ef7e372c61bec9517d1fc6e0697b (HEAD -> main, origin/main, origin/HEAD)
Author: mathieujomain <jomain.mathieu0@gmail.com>
Date:   Tue May 10 11:30:34 2022 +0200

    about.txt

commit 33b9925365c2da052242ba8640e507cf44a9f475
Author: mathieujomain <103414545+mathieujomain@users.noreply.github.com>
Date:   Mon May 9 15:13:26 2022 +0200

    Delete mathieu.txt

commit 4ef1aedd74b47ae1ae0fde2437b02f23b38c0bdf
Author: Mathieu <jomain.mathieu0@gmail.com>
Date:   Mon May 9 15:08:52 2022 +0200

    mathieu.txt

commit 77f3104afc50c0711adc2aaa5707fce958c0a3c3
Author: Edgar371 <edgartome@gmail.com>
Date:   Mon May 9 14:48:15 2022 +0200

    text

commit d12a14acab48579483f0617c1892792a282c2e78
Author: Edgar371 <edgartome@gmail.com>
Date:   Mon May 9 14:42:59 2022 +0200

    text

matui@LAPTOP-V10V2VSA MINGW64 ~/IronEdgar (main)
$ git reset --hard f8953836d341ef7e372c61bec9517d1fc6e0697b
HEAD is now at f895383 about.txt

matui@LAPTOP-V10V2VSA MINGW64 ~/IronEdgar (main)
$ git checkout -b lab-resolving-git-conflicts
Switched to a new branch 'lab-resolving-git-conflicts'

matui@LAPTOP-V10V2VSA MINGW64 ~/IronEdgar (lab-resolving-git-conflicts)
$ git add . about.txt
warning: LF will be replaced by CRLF in about.txt.
The file will have its original line endings in your working directory

matui@LAPTOP-V10V2VSA MINGW64 ~/IronEdgar (lab-resolving-git-conflicts)
$ git commit -m "about.txt"
[lab-resolving-git-conflicts 77ffdb8] about.txt
 1 file changed, 16 insertions(+), 1 deletion(-)

matui@LAPTOP-V10V2VSA MINGW64 ~/IronEdgar (lab-resolving-git-conflicts)
$ git pull origin main
From https://github.com/mathieujomain/IronEdgar
 * branch            main       -> FETCH_HEAD
Already up to date.

matui@LAPTOP-V10V2VSA MINGW64 ~/IronEdgar (lab-resolving-git-conflicts)
$ cat about.txt
# Who am I

* Where are you from?
* What do you do?
* Do you have previous experience with technology/data?

# Why am I here

* What has brought you to Ironhack?
* What knowledge/skills do you expect to learn in this bootcamp?

# What will I do after the bootcamp?

* Which industry will you seek employment in?
* What will your future role look like?
* What is your career goal?
matui@LAPTOP-V10V2VSA MINGW64 ~/IronEdgar (lab-resolving-git-conflicts)
$ git checkout main
Switched to branch 'main'
Your branch is up to date with 'origin/main'.

matui@LAPTOP-V10V2VSA MINGW64 ~/IronEdgar (main)
$ echo "hello" > test.txt

matui@LAPTOP-V10V2VSA MINGW64 ~/IronEdgar (main)
$ git checkout lab-resolving-git-conflicts
Switched to branch 'lab-resolving-git-conflicts'

matui@LAPTOP-V10V2VSA MINGW64 ~/IronEdgar (lab-resolving-git-conflicts)
$ echo "ffewf" > test.txt

matui@LAPTOP-V10V2VSA MINGW64 ~/IronEdgar (lab-resolving-git-conflicts)
$ git add . test.txt
warning: LF will be replaced by CRLF in test.txt.
The file will have its original line endings in your working directory

matui@LAPTOP-V10V2VSA MINGW64 ~/IronEdgar (lab-resolving-git-conflicts)
$ git commit -m "Version 2"
[lab-resolving-git-conflicts d06c5b5] Version 2
 1 file changed, 1 insertion(+)
 create mode 100644 test.txt

matui@LAPTOP-V10V2VSA MINGW64 ~/IronEdgar (lab-resolving-git-conflicts)
$ git checkout main
Switched to branch 'main'
Your branch is up to date with 'origin/main'.

matui@LAPTOP-V10V2VSA MINGW64 ~/IronEdgar (main)
$ git add . test.txt
fatal: pathspec 'test.txt' did not match any files

matui@LAPTOP-V10V2VSA MINGW64 ~/IronEdgar (main)
$ git add test.txt
fatal: pathspec 'test.txt' did not match any files

matui@LAPTOP-V10V2VSA MINGW64 ~/IronEdgar (main)
$ git status
On branch main
Your branch is up to date with 'origin/main'.

nothing to commit, working tree clean

matui@LAPTOP-V10V2VSA MINGW64 ~/IronEdgar (main)
$ echo "hello" > test.txt

matui@LAPTOP-V10V2VSA MINGW64 ~/IronEdgar (main)
$ git add test.txt
warning: LF will be replaced by CRLF in test.txt.
The file will have its original line endings in your working directory

matui@LAPTOP-V10V2VSA MINGW64 ~/IronEdgar (main)
$ git commit -m "v1"
[main 4a97a43] v1
 1 file changed, 1 insertion(+)
 create mode 100644 test.txt

matui@LAPTOP-V10V2VSA MINGW64 ~/IronEdgar (main)
$ git merge lab-resolving-git-conflicts
Auto-merging test.txt
CONFLICT (add/add): Merge conflict in test.txt
Automatic merge failed; fix conflicts and then commit the result.

matui@LAPTOP-V10V2VSA MINGW64 ~/IronEdgar (main|MERGING)
$ git status
On branch main
Your branch is ahead of 'origin/main' by 1 commit.
  (use "git push" to publish your local commits)

You have unmerged paths.
  (fix conflicts and run "git commit")
  (use "git merge --abort" to abort the merge)

Changes to be committed:
        modified:   about.txt

Unmerged paths:
  (use "git add <file>..." to mark resolution)
        both added:      test.txt


matui@LAPTOP-V10V2VSA MINGW64 ~/IronEdgar (main|MERGING)
$ cat test.txt
<<<<<<< HEAD
hello
=======
ffewf
>>>>>>> lab-resolving-git-conflicts

matui@LAPTOP-V10V2VSA MINGW64 ~/IronEdgar (main|MERGING)
$ git status
On branch main
Your branch is ahead of 'origin/main' by 1 commit.
  (use "git push" to publish your local commits)

You have unmerged paths.
  (fix conflicts and run "git commit")
  (use "git merge --abort" to abort the merge)

Changes to be committed:
        modified:   about.txt

Unmerged paths:
  (use "git add <file>..." to mark resolution)
        both added:      test.txt


matui@LAPTOP-V10V2VSA MINGW64 ~/IronEdgar (main|MERGING)
$ git add test.txt

matui@LAPTOP-V10V2VSA MINGW64 ~/IronEdgar (main|MERGING)
$ git commit -m "new V"
[main fa7a9a0] new V

matui@LAPTOP-V10V2VSA MINGW64 ~/IronEdgar (main)
$ git merge lab-resolving-git-conflicts
Already up to date.

matui@LAPTOP-V10V2VSA MINGW64 ~/IronEdgar (main)
$ git push -u origin main
Enumerating objects: 13, done.
Counting objects: 100% (13/13), done.
Delta compression using up to 12 threads
Compressing objects: 100% (9/9), done.
Writing objects: 100% (11/11), 1.09 KiB | 280.00 KiB/s, done.
Total 11 (delta 3), reused 0 (delta 0), pack-reused 0
remote: Resolving deltas: 100% (3/3), done.
To https://github.com/mathieujomain/IronEdgar
   f895383..fa7a9a0  main -> main
branch 'main' set up to track 'origin/main'.
